// Jest Snapshot v1, https://goo.gl/fbAQLP

exports[`<ListItem /> should matches snapshot 1`] = `
<li
  className="list-item"
  data-testid="list-item"
>
  <p
    data-testid="list-item.content"
  >
    Test
  </p>
</li>
`;
